[mdp] Patches 1-2 active: NaN-safe reward/advantage
[mdp] Patch 4 active: ONNX export filters passive_* joints
[mdp] Patch 5 active: MICRODUCK_WARM_START=1 restarts curricula after checkpoint load
/home/luckysir/microduck/microduck_rl/.venv/lib/python3.12/site-packages/tyro/_parsers.py:353: UserWarning: The field `env.scene.entities.robot.collisions.0.geom-names-expr` is annotated with type `tuple[str, ...]`, but the default value `['.*_collision']` has type `<class 'list'>`. We'll try to handle this gracefully, but it may cause unexpected behavior.
  warnings.warn(message)
/home/luckysir/microduck/microduck_rl/.venv/lib/python3.12/site-packages/tyro/_resolver.py:600: TyroWarning: <class 'list'> does not match any type in Union: [<class 'str'>, <class 'tuple'>, <class 'NoneType'>]
  warnings.warn(
[INFO] Training with: device=cuda:0, seed=42, rank=0
[INFO] Logging experiment in directory: logs/rsl_rl/local_hd1910_backlash_benchmark/2026-09-28_01-35-48_backlash_20260928_013502
Setting seed: 42
Warp 1.12.0 initialized:
   CUDA Toolkit 12.9, Driver 13.0
   Devices:
     "cpu"      : "x86_64"
     "cuda:0"   : "NVIDIA GeForce RTX 4050 Laptop GPU" (6 GiB, sm_89, mempool enabled)
   Kernel cache:
     /home/luckysir/.cache/warp/1.12.0
/home/luckysir/microduck/microduck_rl/.venv/lib/python3.12/site-packages/mjlab/entity/entity.py:149: UserWarning: Actuator config matched 14 joint(s) but the same expressions also match 7 site(s): imu, left_foot, head_camera, tof, head_imu, mouth_tip, right_foot. Add a separate config with transmission_type=TransmissionType.SITE if those should be actuated too.
  self._add_actuators()
Warp DeprecationWarning: The symbol `warp.context.runtime` will soon be removed from the public API. It can still be accessed from `warp._src.context.runtime` but might be changed or removed without notice.
Module mujoco_warp._src.smooth 95a0b8b load on device 'cuda:0' took 2.49 ms  (cached)
Module mujoco_warp._src.collision_driver 88f7770 load on device 'cuda:0' took 0.30 ms  (cached)
Module _nxn_broadphase__locals__kernel_e73b1315 e73b131 load on device 'cuda:0' took 0.31 ms  (cached)
Module ccd_kernel_builder__locals__ccd_kernel_079dfa94 079dfa9 load on device 'cuda:0' took 1.73 ms  (cached)
Module _primitive_narrowphase__locals__primitive_narrowphase_b282a07a b282a07 load on device 'cuda:0' took 0.74 ms  (cached)
Module mujoco_warp._src.constraint 27c5750 load on device 'cuda:0' took 1.56 ms  (cached)
Module _efc_contact_init__locals__kernel_346f6f0c 346f6f0 load on device 'cuda:0' took 0.34 ms  (cached)
Module _efc_contact_jac_sparse__locals__kernel_86e47ecb 86e47ec load on device 'cuda:0' took 0.48 ms  (cached)
Module _efc_contact_update__locals__kernel_90315d53 90315d5 load on device 'cuda:0' took 0.35 ms  (cached)
Module mujoco_warp._src.sensor 7fc0378 load on device 'cuda:0' took 2.22 ms  (cached)
Module mujoco_warp._src.forward f60f76d load on device 'cuda:0' took 1.10 ms  (cached)
Module mujoco_warp._src.passive 1a5e55c load on device 'cuda:0' took 0.86 ms  (cached)
Module mujoco_warp._src.forward 8ebfcb1 load on device 'cuda:0' took 1.23 ms  (cached)
Module mujoco_warp._src.support dd3f924 load on device 'cuda:0' took 0.44 ms  (cached)
Module _solve_LD_sparse_fused__locals__kernel_55de0719 54f7c1b load on device 'cuda:0' took 0.48 ms  (cached)
Module mujoco_warp._src.solver b116efb load on device 'cuda:0' took 1.21 ms  (cached)
Module solve_init_jaref__locals__kernel_63515ecb 63515ec load on device 'cuda:0' took 0.35 ms  (cached)
Module mul_m_sparse__locals___mul_m_sparse_0e88d329 0e88d32 load on device 'cuda:0' took 0.32 ms  (cached)
Module update_constraint_efc__locals__kernel_32935e9d 32935e9 load on device 'cuda:0' took 0.35 ms  (cached)
Module update_constraint_gauss_cost__locals__kernel_66f8146b 66f8146 load on device 'cuda:0' took 0.33 ms  (cached)
Module update_gradient_cholesky_blocked__locals__kernel_3f89bed4 cfaeb41 load on device 'cuda:0' took 137.94 ms  (cached)
Module linesearch_jv_fused__locals__kernel_7b416447 7b41644 load on device 'cuda:0' took 0.39 ms  (cached)
Module linesearch_prepare_gauss__locals__kernel_f5448712 f544871 load on device 'cuda:0' took 0.32 ms  (cached)
Module update_constraint_efc__locals__kernel_3c1a9816 3c1a981 load on device 'cuda:0' took 0.35 ms  (cached)
Module update_gradient_cholesky_blocked_skip_unchanged__locals__kernel_b35f4e9a 59f6439 load on device 'cuda:0' took 142.78 ms  (cached)
Module _contact_sort__locals__contact_sort_304c86df 6c97b35 load on device 'cuda:0' took 0.43 ms  (cached)
Module mujoco_warp._src.derivative d0e2fd7 load on device 'cuda:0' took 0.78 ms  (cached)
Module reset_data__locals__reset_xfrc_applied_e7898c5c e7898c5 load on device 'cuda:0' took 0.34 ms  (cached)
Module reset_data__locals__reset_qM_10d3c793 10d3c79 load on device 'cuda:0' took 0.30 ms  (cached)
Module reset_data__locals__reset_mocap_ff71f630 ff71f63 load on device 'cuda:0' took 0.30 ms  (cached)
Module reset_data__locals__reset_contact_df686d47 df686d4 load on device 'cuda:0' took 0.31 ms  (cached)
Module reset_data__locals__reset_nworld_6e0d904e 6e0d904 load on device 'cuda:0' took 0.34 ms  (cached)
[BamActuator] model='m6' joints=14 kt=0.6238 R=4.9102 vin=range=(7.4, 8.0) drop_gain_range=(0.0, 0.2) force_limit=±1.02Nm friction_base=0.0158 friction_viscous=0.0003 envs=2048 device=cuda:0
[BacklashEncoderBamActuator] encoder-through-backlash feedback on 14/14 joints
Module mujoco_warp._src.render_util 94fd13e load on device 'cuda:0' took 0.53 ms  (cached)
Module mujoco_warp._src.bvh 08f985a load on device 'cuda:0' took 0.85 ms  (cached)
Module mujoco_warp._src.ray c8f2bb3 load on device 'cuda:0' took 1.13 ms  (cached)

+---------------------------------+
|         Base Environment        |
+------------------------+--------+
| Property               | Value  |
+------------------------+--------+
| Number of environments | 2048   |
| Environment device     | cuda:0 |
| Environment seed       | 42     |
| Physics step-size      | 0.005  |
| Environment step-size  | 0.02   |
+------------------------+--------+

[INFO] <EventManager> contains 3 active terms.
+-------------------------------------+
| Active Event Terms in Mode: 'reset' |
+-------+-----------------------------+
| Index | Name                        |
+-------+-----------------------------+
|   0   | reset_base                  |
|   1   | reset_robot_joints          |
|   2   | reset_action_history        |
|   3   | randomize_com               |
|   4   | randomize_head_com          |
|   5   | randomize_joint_friction    |
|   6   | randomize_armature          |
+-------+-----------------------------+
+----------------------------------------------+
|    Active Event Terms in Mode: 'interval'    |
+-------+------------+-------------------------+
| Index | Name       | Interval time range (s) |
+-------+------------+-------------------------+
|   0   | push_robot |        (3.0, 6.0)       |
+-------+------------+-------------------------+
+---------------------------------------+
| Active Event Terms in Mode: 'startup' |
+-------+-------------------------------+
| Index | Name                          |
+-------+-------------------------------+
|   0   | foot_friction                 |
|   1   | encoder_bias                  |
|   2   | base_com                      |
|   3   | expand_bam_friction_fields    |
|   4   | randomize_mass_inertia        |
+-------+-------------------------------+
+-----------------------------+
| Domain Randomization Fields |
+-------+---------------------+
| Index | Field Name          |
+-------+---------------------+
|   0   | geom_friction       |
|   1   | body_ipos           |
|   2   | body_subtreemass    |
|   3   | dof_invweight0      |
|   4   | body_invweight0     |
|   5   | tendon_length0      |
|   6   | tendon_invweight0   |
|   7   | dof_frictionloss    |
|   8   | dof_damping         |
|   9   | body_mass           |
|   10  | body_inertia        |
|   11  | body_iquat          |
|   12  | dof_armature        |
+-------+---------------------+

Module repeat_array_kernel_39317a34 b712927 load on device 'cuda:0' took 0.34 ms  (cached)
Module repeat_array_kernel_39317a34 18fcc7e load on device 'cuda:0' took 0.33 ms  (cached)
Module repeat_array_kernel_39317a34 5cde7e8 load on device 'cuda:0' took 0.35 ms  (cached)
Module repeat_array_kernel_39317a34 0fe3117 load on device 'cuda:0' took 0.36 ms  (cached)
[INFO] <CommandManager> contains 3 active terms.
+------------------------------------------------+
|              Active Command Terms              |
+-------+-----------+----------------------------+
| Index | Name      |            Type            |
+-------+-----------+----------------------------+
|   0   | twist     | VelocityCommandCommandOnly |
|   1   | head_pose |     UniformPoseCommand     |
|   2   | body_pose |     UniformPoseCommand     |
+-------+-----------+----------------------------+

[INFO] <ActionManager> contains 1 active terms.
+---------------------------------+
| Active Action Terms (shape: 14) |
+-------+-----------+-------------+
| Index | Name      |   Dimension |
+-------+-----------+-------------+
|   0   | joint_pos |          14 |
+-------+-----------+-------------+

[INFO] <ObservationManager> contains 2 groups.
+-----------------------------------------------------------+
| Active Observation Terms in Group: 'actor' (shape: (61,)) |
+-----------+----------------------------------+------------+
|   Index   | Name                             |   Shape    |
+-----------+----------------------------------+------------+
|     0     | base_ang_vel                     |    (3,)    |
|     1     | projected_gravity                |    (3,)    |
|     2     | joint_pos                        |   (14,)    |
|     3     | joint_vel                        |   (14,)    |
|     4     | actions                          |   (14,)    |
|     5     | command                          |    (3,)    |
|     6     | head_command                     |    (4,)    |
|     7     | body_command                     |    (6,)    |
+-----------+----------------------------------+------------+
+------------------------------------------------------------+
| Active Observation Terms in Group: 'critic' (shape: (76,)) |
+----------+------------------------------------+------------+
|  Index   | Name                               |   Shape    |
+----------+------------------------------------+------------+
|    0     | base_lin_vel                       |    (3,)    |
|    1     | base_ang_vel                       |    (3,)    |
|    2     | projected_gravity                  |    (3,)    |
|    3     | joint_pos                          |   (14,)    |
|    4     | joint_vel                          |   (14,)    |
|    5     | actions                            |   (14,)    |
|    6     | command                            |    (3,)    |
|    7     | foot_height                        |    (2,)    |
|    8     | foot_air_time                      |    (2,)    |
|    9     | foot_contact                       |    (2,)    |
|    10    | foot_contact_forces                |    (6,)    |
|    11    | head_command                       |    (4,)    |
|    12    | body_command                       |    (6,)    |
+----------+------------------------------------+------------+

[INFO] <TerminationManager> contains 4 active terms.
+------------------------------------------+
|         Active Termination Terms         |
+-------+-----------------------+----------+
| Index | Name                  | Time Out |
+-------+-----------------------+----------+
|   0   | time_out              |   True   |
|   1   | fell_over             |  False   |
|   2   | out_of_terrain_bounds |   True   |
|   3   | nan_state             |  False   |
+-------+-----------------------+----------+

[INFO] <RewardManager> contains 16 active terms.
+-----------------------------------------+
|           Active Reward Terms           |
+-------+------------------------+--------+
| Index | Name                   | Weight |
+-------+------------------------+--------+
|   0   | track_linear_velocity  |    2.0 |
|   1   | track_angular_velocity |    2.0 |
|   2   | upright                |    2.0 |
|   3   | pose                   |    1.0 |
|   4   | body_ang_vel           |  -0.05 |
|   5   | angular_momentum       |  -0.02 |
|   6   | dof_pos_limits         |   -1.0 |
|   7   | action_rate_l2         |   -0.1 |
|   8   | air_time               |    3.0 |
|   9   | foot_clearance         |   -2.0 |
|   10  | foot_swing_height      |  -0.25 |
|   11  | foot_slip              |   -0.1 |
|   12  | self_collisions        |   -1.0 |
|   13  | head_pose_tracking     |    2.0 |
|   14  | body_pose_tracking     |    0.0 |
|   15  | head_pose_bias         |    0.0 |
+-------+------------------------+--------+

[INFO] <CurriculumManager> contains 7 active terms.
+-------------------------------+
|    Active Curriculum Terms    |
+-------+-----------------------+
| Index | Name                  |
+-------+-----------------------+
|   0   | action_rate_weight    |
|   1   | standing_envs         |
|   2   | head_pose_range       |
|   3   | body_pose_range       |
|   4   | com_range             |
|   5   | head_com_range        |
|   6   | head_pose_bias_weight |
+-------+-----------------------+

[INFO] <MetricsManager> contains 1 active terms.
+-------------------------+
|   Active Metrics Terms  |
+-------+-----------------+
| Index | Name            |
+-------+-----------------+
|   0   | mean_action_acc |
+-------+-----------------+

[INFO] <NullRecorderManager> (inactive)
Module mujoco_warp._src.io 4b387a0 load on device 'cuda:0' took 1.56 ms  (cached)
--------------------------------------------------------------------------------
Resolved observation sets: 
	 actor :  ('actor',)
	 critic :  ('critic',)
--------------------------------------------------------------------------------
Actor Model: MLPModel(
  (obs_normalizer): EmpiricalNormalization()
  (distribution): GaussianDistribution()
  (mlp): MLP(
    (0): Linear(in_features=61, out_features=512, bias=True)
    (1): ELU(alpha=1.0)
    (2): Linear(in_features=512, out_features=256, bias=True)
    (3): ELU(alpha=1.0)
    (4): Linear(in_features=256, out_features=128, bias=True)
    (5): ELU(alpha=1.0)
    (6): Linear(in_features=128, out_features=14, bias=True)
  )
)
Critic Model: MLPModel(
  (obs_normalizer): EmpiricalNormalization()
  (mlp): MLP(
    (0): Linear(in_features=76, out_features=512, bias=True)
    (1): ELU(alpha=1.0)
    (2): Linear(in_features=512, out_features=256, bias=True)
    (3): ELU(alpha=1.0)
    (4): Linear(in_features=256, out_features=128, bias=True)
    (5): ELU(alpha=1.0)
    (6): Linear(in_features=128, out_features=1, bias=True)
  )
)
Storing git diff for 'microduck_rl' in: logs/rsl_rl/local_hd1910_backlash_benchmark/2026-09-28_01-35-48_backlash_20260928_013502/git/microduck_rl.diff
################################################################################
[1m                            Learning iteration 0/10                             [0m 

                               Run name: backlash_20260928_013502
                            Total steps: 49152 
                       Steps per second: 12669 
                        Collection time: 3.662s 
                          Learning time: 0.217s 
                        Mean value loss: 0.0410
                    Mean surrogate loss: -0.0022
                      Mean entropy loss: 19.8198
                            Mean reward: -0.38
                    Mean episode length: 24.00
                        Mean action std: 1.00
   Episode_Reward/track_linear_velocity: 0.0078
  Episode_Reward/track_angular_velocity: 0.0004
                 Episode_Reward/upright: 0.0110
                    Episode_Reward/pose: 0.0030
            Episode_Reward/body_ang_vel: -0.0141
        Episode_Reward/angular_momentum: -0.0000
          Episode_Reward/dof_pos_limits: -0.0004
          Episode_Reward/action_rate_l2: -0.0338
                Episode_Reward/air_time: 0.0051
          Episode_Reward/foot_clearance: -0.0002
       Episode_Reward/foot_swing_height: -0.0005
               Episode_Reward/foot_slip: -0.0001
         Episode_Reward/self_collisions: -0.0003
      Episode_Reward/head_pose_tracking: 0.0200
      Episode_Reward/body_pose_tracking: 0.0000
          Episode_Reward/head_pose_bias: 0.0000
        Episode_Metrics/mean_action_acc: 1.7784
          Curriculum/action_rate_weight: -0.1000
               Curriculum/standing_envs: 0.0200
             Curriculum/head_pose_range: 0.0700
             Curriculum/body_pose_range: 0.0500
                   Curriculum/com_range: 0.0030
              Curriculum/head_com_range: 0.0030
       Curriculum/head_pose_bias_weight: 0.0000
             Metrics/twist/error_vel_xy: 0.0106
            Metrics/twist/error_vel_yaw: 0.0786
           Episode_Termination/time_out: 1.8750
          Episode_Termination/fell_over: 22.0000
Episode_Termination/out_of_terrain_bounds: 0.0000
          Episode_Termination/nan_state: 0.0000
          Metrics/angular_momentum_mean: 0.0125
                  Metrics/air_time_mean: 0.0621
               Metrics/peak_height_mean: 0.0102
             Metrics/slip_velocity_mean: 0.1559
--------------------------------------------------------------------------------
                         Iteration time: 3.88s
                           Time elapsed: 00:00:03
                                    ETA: 00:00:34

################################################################################
[1m                            Learning iteration 1/10                             [0m 

                               Run name: backlash_20260928_013502
                            Total steps: 98304 
                       Steps per second: 18644 
                        Collection time: 2.490s 
                          Learning time: 0.146s 
                        Mean value loss: 0.0452
                    Mean surrogate loss: -0.0072
                      Mean entropy loss: 19.7886
                            Mean reward: -0.28
                    Mean episode length: 28.36
                        Mean action std: 0.99
   Episode_Reward/track_linear_velocity: 0.0181
  Episode_Reward/track_angular_velocity: 0.0005
                 Episode_Reward/upright: 0.0200
                    Episode_Reward/pose: 0.0044
            Episode_Reward/body_ang_vel: -0.0347
        Episode_Reward/angular_momentum: -0.0000
          Episode_Reward/dof_pos_limits: -0.0011
          Episode_Reward/action_rate_l2: -0.0858
                Episode_Reward/air_time: 0.0163
          Episode_Reward/foot_clearance: -0.0006
       Episode_Reward/foot_swing_height: -0.0017
               Episode_Reward/foot_slip: -0.0001
         Episode_Reward/self_collisions: -0.0009
      Episode_Reward/head_pose_tracking: 0.0481
      Episode_Reward/body_pose_tracking: 0.0000
          Episode_Reward/head_pose_bias: 0.0000
        Episode_Metrics/mean_action_acc: 1.9001
          Curriculum/action_rate_weight: -0.1000
               Curriculum/standing_envs: 0.0200
             Curriculum/head_pose_range: 0.0700
             Curriculum/body_pose_range: 0.0500
                   Curriculum/com_range: 0.0030
              Curriculum/head_com_range: 0.0030
       Curriculum/head_pose_bias_weight: 0.0000
             Metrics/twist/error_vel_xy: 0.0298
            Metrics/twist/error_vel_yaw: 0.2213
           Episode_Termination/time_out: 0.6667
          Episode_Termination/fell_over: 70.6250
Episode_Termination/out_of_terrain_bounds: 0.0000
          Episode_Termination/nan_state: 0.0000
          Metrics/angular_momentum_mean: 0.0138
                  Metrics/air_time_mean: 0.0703
               Metrics/peak_height_mean: 0.0161
             Metrics/slip_velocity_mean: 0.1619
--------------------------------------------------------------------------------
                         Iteration time: 2.64s
                           Time elapsed: 00:00:06
                                    ETA: 00:00:26

################################################################################
[1m                            Learning iteration 2/10                             [0m 

                               Run name: backlash_20260928_013502
                            Total steps: 147456 
                       Steps per second: 18608 
                        Collection time: 2.489s 
                          Learning time: 0.153s 
                        Mean value loss: 0.0365
                    Mean surrogate loss: -0.0090
                      Mean entropy loss: 19.7044
                            Mean reward: -0.29
                    Mean episode length: 30.34
                        Mean action std: 0.99
   Episode_Reward/track_linear_velocity: 0.0180
  Episode_Reward/track_angular_velocity: 0.0005
                 Episode_Reward/upright: 0.0199
                    Episode_Reward/pose: 0.0044
            Episode_Reward/body_ang_vel: -0.0339
        Episode_Reward/angular_momentum: -0.0000
          Episode_Reward/dof_pos_limits: -0.0011
          Episode_Reward/action_rate_l2: -0.0818
                Episode_Reward/air_time: 0.0161
          Episode_Reward/foot_clearance: -0.0006
       Episode_Reward/foot_swing_height: -0.0025
               Episode_Reward/foot_slip: -0.0001
         Episode_Reward/self_collisions: -0.0009
      Episode_Reward/head_pose_tracking: 0.0471
      Episode_Reward/body_pose_tracking: 0.0000
          Episode_Reward/head_pose_bias: 0.0000
        Episode_Metrics/mean_action_acc: 1.8791
          Curriculum/action_rate_weight: -0.1000
               Curriculum/standing_envs: 0.0200
             Curriculum/head_pose_range: 0.0700
             Curriculum/body_pose_range: 0.0500
                   Curriculum/com_range: 0.0030
              Curriculum/head_com_range: 0.0030
       Curriculum/head_pose_bias_weight: 0.0000
             Metrics/twist/error_vel_xy: 0.0287
            Metrics/twist/error_vel_yaw: 0.2157
           Episode_Termination/time_out: 0.0000
          Episode_Termination/fell_over: 69.8333
Episode_Termination/out_of_terrain_bounds: 0.0000
          Episode_Termination/nan_state: 0.0000
          Metrics/angular_momentum_mean: 0.0142
                  Metrics/air_time_mean: 0.0743
               Metrics/peak_height_mean: 0.0164
             Metrics/slip_velocity_mean: 0.1658
--------------------------------------------------------------------------------
                         Iteration time: 2.64s
                           Time elapsed: 00:00:09
                                    ETA: 00:00:21

################################################################################
[1m                            Learning iteration 3/10                             [0m 

                               Run name: backlash_20260928_013502
                            Total steps: 196608 
                       Steps per second: 18576 
                        Collection time: 2.492s 
                          Learning time: 0.154s 
                        Mean value loss: 0.0292
                    Mean surrogate loss: -0.0070
                      Mean entropy loss: 19.6405
                            Mean reward: -0.21
                    Mean episode length: 30.02
                        Mean action std: 0.98
   Episode_Reward/track_linear_velocity: 0.0179
  Episode_Reward/track_angular_velocity: 0.0005
                 Episode_Reward/upright: 0.0203
                    Episode_Reward/pose: 0.0045
            Episode_Reward/body_ang_vel: -0.0340
        Episode_Reward/angular_momentum: -0.0000
          Episode_Reward/dof_pos_limits: -0.0011
          Episode_Reward/action_rate_l2: -0.0811
                Episode_Reward/air_time: 0.0169
          Episode_Reward/foot_clearance: -0.0006
       Episode_Reward/foot_swing_height: -0.0026
               Episode_Reward/foot_slip: -0.0001
         Episode_Reward/self_collisions: -0.0009
      Episode_Reward/head_pose_tracking: 0.0478
      Episode_Reward/body_pose_tracking: 0.0000
          Episode_Reward/head_pose_bias: 0.0000
        Episode_Metrics/mean_action_acc: 1.8566
          Curriculum/action_rate_weight: -0.1000
               Curriculum/standing_envs: 0.0200
             Curriculum/head_pose_range: 0.0700
             Curriculum/body_pose_range: 0.0500
                   Curriculum/com_range: 0.0030
              Curriculum/head_com_range: 0.0030
       Curriculum/head_pose_bias_weight: 0.0000
             Metrics/twist/error_vel_xy: 0.0294
            Metrics/twist/error_vel_yaw: 0.2140
           Episode_Termination/time_out: 0.0000
          Episode_Termination/fell_over: 67.0000
Episode_Termination/out_of_terrain_bounds: 0.0000
          Episode_Termination/nan_state: 0.0000
          Metrics/angular_momentum_mean: 0.0144
                  Metrics/air_time_mean: 0.0749
               Metrics/peak_height_mean: 0.0166
             Metrics/slip_velocity_mean: 0.1648
--------------------------------------------------------------------------------
                         Iteration time: 2.65s
                           Time elapsed: 00:00:11
                                    ETA: 00:00:17

################################################################################
[1m                            Learning iteration 4/10                             [0m 

                               Run name: backlash_20260928_013502
                            Total steps: 245760 
                       Steps per second: 18527 
                        Collection time: 2.500s 
                          Learning time: 0.153s 
                        Mean value loss: 0.0271
                    Mean surrogate loss: -0.0071
                      Mean entropy loss: 19.5867
                            Mean reward: -0.14
                    Mean episode length: 31.71
                        Mean action std: 0.98
   Episode_Reward/track_linear_velocity: 0.0182
  Episode_Reward/track_angular_velocity: 0.0005
                 Episode_Reward/upright: 0.0206
                    Episode_Reward/pose: 0.0045
            Episode_Reward/body_ang_vel: -0.0339
        Episode_Reward/angular_momentum: -0.0000
          Episode_Reward/dof_pos_limits: -0.0012
          Episode_Reward/action_rate_l2: -0.0801
                Episode_Reward/air_time: 0.0176
          Episode_Reward/foot_clearance: -0.0006
       Episode_Reward/foot_swing_height: -0.0026
               Episode_Reward/foot_slip: -0.0001
         Episode_Reward/self_collisions: -0.0010
      Episode_Reward/head_pose_tracking: 0.0487
      Episode_Reward/body_pose_tracking: 0.0000
          Episode_Reward/head_pose_bias: 0.0000
        Episode_Metrics/mean_action_acc: 1.8310
          Curriculum/action_rate_weight: -0.1000
               Curriculum/standing_envs: 0.0200
             Curriculum/head_pose_range: 0.0700
             Curriculum/body_pose_range: 0.0500
                   Curriculum/com_range: 0.0030
              Curriculum/head_com_range: 0.0030
       Curriculum/head_pose_bias_weight: 0.0000
             Metrics/twist/error_vel_xy: 0.0299
            Metrics/twist/error_vel_yaw: 0.2195
           Episode_Termination/time_out: 0.0000
          Episode_Termination/fell_over: 65.6250
Episode_Termination/out_of_terrain_bounds: 0.0000
          Episode_Termination/nan_state: 0.0000
          Metrics/angular_momentum_mean: 0.0144
                  Metrics/air_time_mean: 0.0780
               Metrics/peak_height_mean: 0.0167
             Metrics/slip_velocity_mean: 0.1669
--------------------------------------------------------------------------------
                         Iteration time: 2.65s
                           Time elapsed: 00:00:14
                                    ETA: 00:00:14

################################################################################
[1m                            Learning iteration 5/10                             [0m 

                               Run name: backlash_20260928_013502
                            Total steps: 294912 
                       Steps per second: 18513 
                        Collection time: 2.508s 
                          Learning time: 0.147s 
                        Mean value loss: 0.0244
                    Mean surrogate loss: -0.0105
                      Mean entropy loss: 19.4877
                            Mean reward: -0.21
                    Mean episode length: 28.54
                        Mean action std: 0.97
   Episode_Reward/track_linear_velocity: 0.0181
  Episode_Reward/track_angular_velocity: 0.0005
                 Episode_Reward/upright: 0.0209
                    Episode_Reward/pose: 0.0045
            Episode_Reward/body_ang_vel: -0.0333
        Episode_Reward/angular_momentum: -0.0000
          Episode_Reward/dof_pos_limits: -0.0011
          Episode_Reward/action_rate_l2: -0.0786
                Episode_Reward/air_time: 0.0180
          Episode_Reward/foot_clearance: -0.0006
       Episode_Reward/foot_swing_height: -0.0027
               Episode_Reward/foot_slip: -0.0001
         Episode_Reward/self_collisions: -0.0011
      Episode_Reward/head_pose_tracking: 0.0489
      Episode_Reward/body_pose_tracking: 0.0000
          Episode_Reward/head_pose_bias: 0.0000
        Episode_Metrics/mean_action_acc: 1.8076
          Curriculum/action_rate_weight: -0.1000
               Curriculum/standing_envs: 0.0200
             Curriculum/head_pose_range: 0.0700
             Curriculum/body_pose_range: 0.0500
                   Curriculum/com_range: 0.0030
              Curriculum/head_com_range: 0.0030
       Curriculum/head_pose_bias_weight: 0.0000
             Metrics/twist/error_vel_xy: 0.0301
            Metrics/twist/error_vel_yaw: 0.2163
           Episode_Termination/time_out: 0.0000
          Episode_Termination/fell_over: 65.1250
Episode_Termination/out_of_terrain_bounds: 0.0000
          Episode_Termination/nan_state: 0.0000
          Metrics/angular_momentum_mean: 0.0144
                  Metrics/air_time_mean: 0.0789
               Metrics/peak_height_mean: 0.0169
             Metrics/slip_velocity_mean: 0.1674
--------------------------------------------------------------------------------
                         Iteration time: 2.65s
                           Time elapsed: 00:00:17
                                    ETA: 00:00:11

################################################################################
[1m                            Learning iteration 6/10                             [0m 

                               Run name: backlash_20260928_013502
                            Total steps: 344064 
                       Steps per second: 18456 
                        Collection time: 2.515s 
                          Learning time: 0.148s 
                        Mean value loss: 0.0235
                    Mean surrogate loss: -0.0149
                      Mean entropy loss: 19.2802
                            Mean reward: -0.05
                    Mean episode length: 31.26
                        Mean action std: 0.95
   Episode_Reward/track_linear_velocity: 0.0185
  Episode_Reward/track_angular_velocity: 0.0005
                 Episode_Reward/upright: 0.0216
                    Episode_Reward/pose: 0.0046
            Episode_Reward/body_ang_vel: -0.0333
        Episode_Reward/angular_momentum: -0.0000
          Episode_Reward/dof_pos_limits: -0.0011
          Episode_Reward/action_rate_l2: -0.0782
                Episode_Reward/air_time: 0.0181
          Episode_Reward/foot_clearance: -0.0006
       Episode_Reward/foot_swing_height: -0.0029
               Episode_Reward/foot_slip: -0.0002
         Episode_Reward/self_collisions: -0.0012
      Episode_Reward/head_pose_tracking: 0.0494
      Episode_Reward/body_pose_tracking: 0.0000
          Episode_Reward/head_pose_bias: 0.0000
        Episode_Metrics/mean_action_acc: 1.7922
          Curriculum/action_rate_weight: -0.1000
               Curriculum/standing_envs: 0.0200
             Curriculum/head_pose_range: 0.0700
             Curriculum/body_pose_range: 0.0500
                   Curriculum/com_range: 0.0030
              Curriculum/head_com_range: 0.0030
       Curriculum/head_pose_bias_weight: 0.0000
             Metrics/twist/error_vel_xy: 0.0304
            Metrics/twist/error_vel_yaw: 0.2206
           Episode_Termination/time_out: 0.0000
          Episode_Termination/fell_over: 65.5417
Episode_Termination/out_of_terrain_bounds: 0.0000
          Episode_Termination/nan_state: 0.0000
          Metrics/angular_momentum_mean: 0.0144
                  Metrics/air_time_mean: 0.0785
               Metrics/peak_height_mean: 0.0172
             Metrics/slip_velocity_mean: 0.1669
--------------------------------------------------------------------------------
                         Iteration time: 2.66s
                           Time elapsed: 00:00:19
                                    ETA: 00:00:08

################################################################################
[1m                            Learning iteration 7/10                             [0m 

                               Run name: backlash_20260928_013502
                            Total steps: 393216 
                       Steps per second: 18377 
                        Collection time: 2.519s 
                          Learning time: 0.156s 
                        Mean value loss: 0.0237
                    Mean surrogate loss: -0.0151
                      Mean entropy loss: 19.0948
                            Mean reward: -0.06
                    Mean episode length: 31.71
                        Mean action std: 0.94
   Episode_Reward/track_linear_velocity: 0.0183
  Episode_Reward/track_angular_velocity: 0.0005
                 Episode_Reward/upright: 0.0209
                    Episode_Reward/pose: 0.0045
            Episode_Reward/body_ang_vel: -0.0325
        Episode_Reward/angular_momentum: -0.0000
          Episode_Reward/dof_pos_limits: -0.0011
          Episode_Reward/action_rate_l2: -0.0750
                Episode_Reward/air_time: 0.0191
          Episode_Reward/foot_clearance: -0.0007
       Episode_Reward/foot_swing_height: -0.0029
               Episode_Reward/foot_slip: -0.0001
         Episode_Reward/self_collisions: -0.0012
      Episode_Reward/head_pose_tracking: 0.0488
      Episode_Reward/body_pose_tracking: 0.0000
          Episode_Reward/head_pose_bias: 0.0000
        Episode_Metrics/mean_action_acc: 1.7676
          Curriculum/action_rate_weight: -0.1000
               Curriculum/standing_envs: 0.0200
             Curriculum/head_pose_range: 0.0700
             Curriculum/body_pose_range: 0.0500
                   Curriculum/com_range: 0.0030
              Curriculum/head_com_range: 0.0030
       Curriculum/head_pose_bias_weight: 0.0000
             Metrics/twist/error_vel_xy: 0.0297
            Metrics/twist/error_vel_yaw: 0.2145
           Episode_Termination/time_out: 0.0000
          Episode_Termination/fell_over: 65.7083
Episode_Termination/out_of_terrain_bounds: 0.0000
          Episode_Termination/nan_state: 0.0000
          Metrics/angular_momentum_mean: 0.0144
                  Metrics/air_time_mean: 0.0805
               Metrics/peak_height_mean: 0.0177
             Metrics/slip_velocity_mean: 0.1676
--------------------------------------------------------------------------------
                         Iteration time: 2.67s
                           Time elapsed: 00:00:22
                                    ETA: 00:00:05

################################################################################
[1m                            Learning iteration 8/10                             [0m 

                               Run name: backlash_20260928_013502
                            Total steps: 442368 
                       Steps per second: 18396 
                        Collection time: 2.518s 
                          Learning time: 0.154s 
                        Mean value loss: 0.0246
                    Mean surrogate loss: -0.0143
                      Mean entropy loss: 18.9359
                            Mean reward: 0.12
                    Mean episode length: 31.97
                        Mean action std: 0.93
   Episode_Reward/track_linear_velocity: 0.0184
  Episode_Reward/track_angular_velocity: 0.0006
                 Episode_Reward/upright: 0.0214
                    Episode_Reward/pose: 0.0046
            Episode_Reward/body_ang_vel: -0.0323
        Episode_Reward/angular_momentum: -0.0000
          Episode_Reward/dof_pos_limits: -0.0011
          Episode_Reward/action_rate_l2: -0.0728
                Episode_Reward/air_time: 0.0189
          Episode_Reward/foot_clearance: -0.0007
       Episode_Reward/foot_swing_height: -0.0031
               Episode_Reward/foot_slip: -0.0002
         Episode_Reward/self_collisions: -0.0013
      Episode_Reward/head_pose_tracking: 0.0495
      Episode_Reward/body_pose_tracking: 0.0000
          Episode_Reward/head_pose_bias: 0.0000
        Episode_Metrics/mean_action_acc: 1.7274
          Curriculum/action_rate_weight: -0.1000
               Curriculum/standing_envs: 0.0200
             Curriculum/head_pose_range: 0.0700
             Curriculum/body_pose_range: 0.0500
                   Curriculum/com_range: 0.0030
              Curriculum/head_com_range: 0.0030
       Curriculum/head_pose_bias_weight: 0.0000
             Metrics/twist/error_vel_xy: 0.0304
            Metrics/twist/error_vel_yaw: 0.2180
           Episode_Termination/time_out: 0.0000
          Episode_Termination/fell_over: 66.5000
Episode_Termination/out_of_terrain_bounds: 0.0000
          Episode_Termination/nan_state: 0.0000
          Metrics/angular_momentum_mean: 0.0144
                  Metrics/air_time_mean: 0.0808
               Metrics/peak_height_mean: 0.0177
             Metrics/slip_velocity_mean: 0.1680
--------------------------------------------------------------------------------
                         Iteration time: 2.67s
                           Time elapsed: 00:00:25
                                    ETA: 00:00:02

################################################################################
[1m                            Learning iteration 9/10                             [0m 

                               Run name: backlash_20260928_013502
                            Total steps: 491520 
                       Steps per second: 18292 
                        Collection time: 2.532s 
                          Learning time: 0.155s 
                        Mean value loss: 0.0245
                    Mean surrogate loss: -0.0140
                      Mean entropy loss: 18.7783
                            Mean reward: 0.15
                    Mean episode length: 32.61
                        Mean action std: 0.92
   Episode_Reward/track_linear_velocity: 0.0189
  Episode_Reward/track_angular_velocity: 0.0006
                 Episode_Reward/upright: 0.0219
                    Episode_Reward/pose: 0.0047
            Episode_Reward/body_ang_vel: -0.0322
        Episode_Reward/angular_momentum: -0.0000
          Episode_Reward/dof_pos_limits: -0.0012
          Episode_Reward/action_rate_l2: -0.0719
                Episode_Reward/air_time: 0.0193
          Episode_Reward/foot_clearance: -0.0007
       Episode_Reward/foot_swing_height: -0.0032
               Episode_Reward/foot_slip: -0.0001
         Episode_Reward/self_collisions: -0.0012
      Episode_Reward/head_pose_tracking: 0.0501
      Episode_Reward/body_pose_tracking: 0.0000
          Episode_Reward/head_pose_bias: 0.0000
        Episode_Metrics/mean_action_acc: 1.7079
          Curriculum/action_rate_weight: -0.1000
               Curriculum/standing_envs: 0.0200
             Curriculum/head_pose_range: 0.0700
             Curriculum/body_pose_range: 0.0500
                   Curriculum/com_range: 0.0030
              Curriculum/head_com_range: 0.0030
       Curriculum/head_pose_bias_weight: 0.0000
             Metrics/twist/error_vel_xy: 0.0302
            Metrics/twist/error_vel_yaw: 0.2167
           Episode_Termination/time_out: 0.0000
          Episode_Termination/fell_over: 63.0417
Episode_Termination/out_of_terrain_bounds: 0.0000
          Episode_Termination/nan_state: 0.0000
          Metrics/angular_momentum_mean: 0.0143
                  Metrics/air_time_mean: 0.0843
               Metrics/peak_height_mean: 0.0178
             Metrics/slip_velocity_mean: 0.1672
--------------------------------------------------------------------------------
                         Iteration time: 2.69s
                           Time elapsed: 00:00:27
                                    ETA: 00:00:00

