/home/luckysir/microduck/microduck_rl/.venv/lib/python3.12/site-packages/mjlab/entity/entity.py:149: UserWarning: Actuator config matched 14 joint(s) but the same expressions also match 7 site(s): imu, left_foot, head_camera, tof, head_imu, mouth_tip, right_foot. Add a separate config with transmission_type=TransmissionType.SITE if those should be actuated too.
  self._add_actuators()
[mdp] Patches 1-2 active: NaN-safe reward/advantage
[mdp] Patch 4 active: ONNX export filters passive_* joints
[mdp] Patch 5 active: MICRODUCK_WARM_START=1 restarts curricula after checkpoint load
Setting seed: 123
Warp 1.12.0 initialized:
   CUDA Toolkit 12.9, Driver 13.0
   Devices:
     "cpu"      : "x86_64"
     "cuda:0"   : "NVIDIA GeForce RTX 4050 Laptop GPU" (6 GiB, sm_89, mempool enabled)
   Kernel cache:
     /home/luckysir/.cache/warp/1.12.0
Warp DeprecationWarning: The symbol `warp.context.runtime` will soon be removed from the public API. It can still be accessed from `warp._src.context.runtime` but might be changed or removed without notice.
Module mujoco_warp._src.smooth 95a0b8b load on device 'cuda:0' took 2.38 ms  (cached)
Module mujoco_warp._src.collision_driver 88f7770 load on device 'cuda:0' took 0.43 ms  (cached)
Module _nxn_broadphase__locals__kernel_e73b1315 e73b131 load on device 'cuda:0' took 0.34 ms  (cached)
Module ccd_kernel_builder__locals__ccd_kernel_079dfa94 079dfa9 load on device 'cuda:0' took 1.65 ms  (cached)
Module _primitive_narrowphase__locals__primitive_narrowphase_b282a07a b282a07 load on device 'cuda:0' took 0.66 ms  (cached)
Module mujoco_warp._src.constraint 27c5750 load on device 'cuda:0' took 1.73 ms  (cached)
Module _efc_contact_init__locals__kernel_fda71e14 fda71e1 load on device 'cuda:0' took 0.39 ms  (cached)
Module _efc_contact_jac_dense__locals__kernel_7974b597 cc0fc30 load on device 'cuda:0' took 0.42 ms  (cached)
Module _efc_contact_update__locals__kernel_90315d53 90315d5 load on device 'cuda:0' took 0.36 ms  (cached)
Module mujoco_warp._src.sensor 7fc0378 load on device 'cuda:0' took 2.61 ms  (cached)
Module mujoco_warp._src.forward f60f76d load on device 'cuda:0' took 1.03 ms  (cached)
Module mujoco_warp._src.passive 1a5e55c load on device 'cuda:0' took 0.90 ms  (cached)
Module mujoco_warp._src.forward 8ebfcb1 load on device 'cuda:0' took 1.32 ms  (cached)
Module mujoco_warp._src.support dd3f924 load on device 'cuda:0' took 0.35 ms  (cached)
Module _tile_cholesky_factorize_solve__locals__cholesky_factorize_solve_b16bf393 b7e5d5f load on device 'cuda:0' took 32.34 ms  (cached)
Module mujoco_warp._src.solver b116efb load on device 'cuda:0' took 1.21 ms  (cached)
Module solve_init_jaref__locals__kernel_5208712d 5208712 load on device 'cuda:0' took 0.34 ms  (cached)
Module mul_m_dense__locals___mul_m_dense_b66df345 b66df34 load on device 'cuda:0' took 0.31 ms  (cached)
Module update_constraint_efc__locals__kernel_32935e9d 32935e9 load on device 'cuda:0' took 0.34 ms  (cached)
Module update_constraint_gauss_cost__locals__kernel_baf8e129 baf8e12 load on device 'cuda:0' took 0.34 ms  (cached)
Module update_gradient_JTDAJ_dense_tiled__locals__kernel_9404d42c b63011f load on device 'cuda:0' took 0.76 ms  (cached)
Module update_gradient_cholesky__locals__kernel_5ee47d83 324a2ff load on device 'cuda:0' took 32.37 ms  (cached)
Module linesearch_jv_fused__locals__kernel_7bf09094 7bf0909 load on device 'cuda:0' took 0.36 ms  (cached)
Module linesearch_prepare_gauss__locals__kernel_97347d38 97347d3 load on device 'cuda:0' took 0.34 ms  (cached)
Module update_constraint_efc__locals__kernel_3c1a9816 3c1a981 load on device 'cuda:0' took 0.37 ms  (cached)
Module _contact_sort__locals__contact_sort_304c86df 6c97b35 load on device 'cuda:0' took 0.34 ms  (cached)
Module mujoco_warp._src.derivative d0e2fd7 load on device 'cuda:0' took 0.64 ms  (cached)
Module reset_data__locals__reset_xfrc_applied_e7898c5c e7898c5 load on device 'cuda:0' took 0.39 ms  (cached)
Module reset_data__locals__reset_qM_10d3c793 10d3c79 load on device 'cuda:0' took 0.50 ms  (cached)
Module reset_data__locals__reset_mocap_ff71f630 ff71f63 load on device 'cuda:0' took 0.50 ms  (cached)
Module reset_data__locals__reset_contact_df686d47 df686d4 load on device 'cuda:0' took 0.32 ms  (cached)
Module reset_data__locals__reset_nworld_6e0d904e 6e0d904 load on device 'cuda:0' took 0.33 ms  (cached)
[BamActuator] model='m6' joints=14 kt=0.6238 R=4.9102 vin=range=(7.4, 8.0) drop_gain_range=(0.0, 0.2) force_limit=±1.02Nm friction_base=0.0158 friction_viscous=0.0003 envs=16 device=cuda:0
Module mujoco_warp._src.render_util 94fd13e load on device 'cuda:0' took 0.47 ms  (cached)
Module mujoco_warp._src.bvh 08f985a load on device 'cuda:0' took 0.66 ms  (cached)
Module mujoco_warp._src.ray c8f2bb3 load on device 'cuda:0' took 1.34 ms  (cached)

+---------------------------------+
|         Base Environment        |
+------------------------+--------+
| Property               | Value  |
+------------------------+--------+
| Number of environments | 16     |
| Environment device     | cuda:0 |
| Environment seed       | 123    |
| Physics step-size      | 0.005  |
| Environment step-size  | 0.02   |
+------------------------+--------+

[INFO] <EventManager> contains 2 active terms.
+-------------------------------------+
| Active Event Terms in Mode: 'reset' |
+-------+-----------------------------+
| Index | Name                        |
+-------+-----------------------------+
|   0   | reset_base                  |
|   1   | reset_robot_joints          |
|   2   | reset_action_history        |
|   3   | randomize_com               |
|   4   | randomize_head_com          |
|   5   | randomize_joint_friction    |
|   6   | randomize_armature          |
+-------+-----------------------------+
+---------------------------------------+
| Active Event Terms in Mode: 'startup' |
+-------+-------------------------------+
| Index | Name                          |
+-------+-------------------------------+
|   0   | foot_friction                 |
|   1   | encoder_bias                  |
|   2   | base_com                      |
|   3   | expand_bam_friction_fields    |
|   4   | randomize_mass_inertia        |
+-------+-------------------------------+
+-----------------------------+
| Domain Randomization Fields |
+-------+---------------------+
| Index | Field Name          |
+-------+---------------------+
|   0   | geom_friction       |
|   1   | body_ipos           |
|   2   | body_subtreemass    |
|   3   | dof_invweight0      |
|   4   | body_invweight0     |
|   5   | tendon_length0      |
|   6   | tendon_invweight0   |
|   7   | dof_frictionloss    |
|   8   | dof_damping         |
|   9   | body_mass           |
|   10  | body_inertia        |
|   11  | body_iquat          |
|   12  | dof_armature        |
+-------+---------------------+

Module repeat_array_kernel_39317a34 b712927 load on device 'cuda:0' took 0.40 ms  (cached)
Module repeat_array_kernel_39317a34 18fcc7e load on device 'cuda:0' took 0.29 ms  (cached)
Module repeat_array_kernel_39317a34 5cde7e8 load on device 'cuda:0' took 0.31 ms  (cached)
Module repeat_array_kernel_39317a34 0fe3117 load on device 'cuda:0' took 0.36 ms  (cached)
[INFO] <CommandManager> contains 3 active terms.
+------------------------------------------------+
|              Active Command Terms              |
+-------+-----------+----------------------------+
| Index | Name      |            Type            |
+-------+-----------+----------------------------+
|   0   | twist     | VelocityCommandCommandOnly |
|   1   | head_pose |     UniformPoseCommand     |
|   2   | body_pose |     UniformPoseCommand     |
+-------+-----------+----------------------------+

[INFO] <ActionManager> contains 1 active terms.
+---------------------------------+
| Active Action Terms (shape: 14) |
+-------+-----------+-------------+
| Index | Name      |   Dimension |
+-------+-----------+-------------+
|   0   | joint_pos |          14 |
+-------+-----------+-------------+

[INFO] <ObservationManager> contains 2 groups.
+-----------------------------------------------------------+
| Active Observation Terms in Group: 'actor' (shape: (61,)) |
+-----------+----------------------------------+------------+
|   Index   | Name                             |   Shape    |
+-----------+----------------------------------+------------+
|     0     | base_ang_vel                     |    (3,)    |
|     1     | projected_gravity                |    (3,)    |
|     2     | joint_pos                        |   (14,)    |
|     3     | joint_vel                        |   (14,)    |
|     4     | actions                          |   (14,)    |
|     5     | command                          |    (3,)    |
|     6     | head_command                     |    (4,)    |
|     7     | body_command                     |    (6,)    |
+-----------+----------------------------------+------------+
+------------------------------------------------------------+
| Active Observation Terms in Group: 'critic' (shape: (76,)) |
+----------+------------------------------------+------------+
|  Index   | Name                               |   Shape    |
+----------+------------------------------------+------------+
|    0     | base_lin_vel                       |    (3,)    |
|    1     | base_ang_vel                       |    (3,)    |
|    2     | projected_gravity                  |    (3,)    |
|    3     | joint_pos                          |   (14,)    |
|    4     | joint_vel                          |   (14,)    |
|    5     | actions                            |   (14,)    |
|    6     | command                            |    (3,)    |
|    7     | foot_height                        |    (2,)    |
|    8     | foot_air_time                      |    (2,)    |
|    9     | foot_contact                       |    (2,)    |
|    10    | foot_contact_forces                |    (6,)    |
|    11    | head_command                       |    (4,)    |
|    12    | body_command                       |    (6,)    |
+----------+------------------------------------+------------+

[INFO] <TerminationManager> contains 4 active terms.
+------------------------------------------+
|         Active Termination Terms         |
+-------+-----------------------+----------+
| Index | Name                  | Time Out |
+-------+-----------------------+----------+
|   0   | time_out              |   True   |
|   1   | fell_over             |  False   |
|   2   | out_of_terrain_bounds |   True   |
|   3   | nan_state             |  False   |
+-------+-----------------------+----------+

[INFO] <RewardManager> contains 16 active terms.
+-----------------------------------------+
|           Active Reward Terms           |
+-------+------------------------+--------+
| Index | Name                   | Weight |
+-------+------------------------+--------+
|   0   | track_linear_velocity  |    2.0 |
|   1   | track_angular_velocity |    2.0 |
|   2   | upright                |    2.0 |
|   3   | pose                   |    1.0 |
|   4   | body_ang_vel           |  -0.05 |
|   5   | angular_momentum       |  -0.02 |
|   6   | dof_pos_limits         |   -1.0 |
|   7   | action_rate_l2         |   -0.1 |
|   8   | air_time               |    3.0 |
|   9   | foot_clearance         |   -2.0 |
|   10  | foot_swing_height      |  -0.25 |
|   11  | foot_slip              |   -0.1 |
|   12  | self_collisions        |   -1.0 |
|   13  | head_pose_tracking     |    2.0 |
|   14  | body_pose_tracking     |    0.0 |
|   15  | head_pose_bias         |    0.0 |
+-------+------------------------+--------+

[INFO] <NullCurriculumManager> (inactive)
[INFO] <MetricsManager> contains 1 active terms.
+-------------------------+
|   Active Metrics Terms  |
+-------+-----------------+
| Index | Name            |
+-------+-----------------+
|   0   | mean_action_acc |
+-------+-----------------+

[INFO] <NullRecorderManager> (inactive)
Module mujoco_warp._src.io 4b387a0 load on device 'cuda:0' took 1.51 ms  (cached)
Module _tile_cholesky_factorize__locals__cholesky_factorize_a02b7349 3d3b894 load on device 'cuda:0' took 24.73 ms  (cached)
Module _tile_cholesky_solve__locals__cholesky_solve_8c82e9f1 95f6085 load on device 'cuda:0' took 23.11 ms  (cached)
Setting seed: 123
alpha0_vx0 {"vx": 0.0, "alpha": 0.0, "survived": 11, "mean_vx_after4s_survivors": 0.006870403565037784, "walk_count_speed_above_half_command": 1, "first_failure_time_s": [null, 1.48, null, null, 1.28, 3.74, null, null, 6.34, null, null, 4.18, null, null, null, null], "max_tilt_deg": 89.69165802001953, "max_sent_jump_deg_valid": 179.9484100341797, "max_raw_jump_deg_valid": 179.9484100341797, "max_abs_vy_after4s": 0.42586591839790344}
Setting seed: 123
alpha0_vx0.1 {"vx": 0.1, "alpha": 0.0, "survived": 13, "mean_vx_after4s_survivors": 0.07667196198151661, "walk_count_speed_above_half_command": 13, "first_failure_time_s": [null, 1.3, null, null, 1.18, null, null, null, null, null, null, 0.98, null, null, null, null], "max_tilt_deg": 97.70085144042969, "max_sent_jump_deg_valid": 165.84376525878906, "max_raw_jump_deg_valid": 165.84376525878906, "max_abs_vy_after4s": 0.31700044870376587}
Setting seed: 123
alpha0_vx0.2 {"vx": 0.2, "alpha": 0.0, "survived": 16, "mean_vx_after4s_survivors": 0.17015929520130157, "walk_count_speed_above_half_command": 16, "first_failure_time_s": [null, null, null, null, null, null, null, null, null, null, null, null, null, null, null, null], "max_tilt_deg": 13.567831993103027, "max_sent_jump_deg_valid": 109.58975982666016, "max_raw_jump_deg_valid": 109.58975982666016, "max_abs_vy_after4s": 0.3071463406085968}
Setting seed: 123
alpha0_vx0.3 {"vx": 0.3, "alpha": 0.0, "survived": 16, "mean_vx_after4s_survivors": 0.23004709277302027, "walk_count_speed_above_half_command": 16, "first_failure_time_s": [null, null, null, null, null, null, null, null, null, null, null, null, null, null, null, null], "max_tilt_deg": 13.839225769042969, "max_sent_jump_deg_valid": 87.99305725097656, "max_raw_jump_deg_valid": 87.99305725097656, "max_abs_vy_after4s": 0.2807812988758087}
Setting seed: 123
alpha0.45_vx0 {"vx": 0.0, "alpha": 0.45, "survived": 10, "mean_vx_after4s_survivors": 0.0032257712898456246, "walk_count_speed_above_half_command": 1, "first_failure_time_s": [null, 1.84, null, 2.7800000000000002, 1.26, null, null, null, null, null, 2.72, 1.0, null, 1.78, null, null], "max_tilt_deg": 90.78623962402344, "max_sent_jump_deg_valid": 115.10160064697266, "max_raw_jump_deg_valid": 163.07960510253906, "max_abs_vy_after4s": 0.3634108901023865}
Setting seed: 123
alpha0.45_vx0.1 {"vx": 0.1, "alpha": 0.45, "survived": 11, "mean_vx_after4s_survivors": 0.06746320121667602, "walk_count_speed_above_half_command": 11, "first_failure_time_s": [null, null, null, null, 1.34, 3.52, null, null, null, null, 1.02, 1.5, 1.72, null, null, null], "max_tilt_deg": 91.05166625976562, "max_sent_jump_deg_valid": 111.94129943847656, "max_raw_jump_deg_valid": 153.87942504882812, "max_abs_vy_after4s": 0.32140812277793884}
Setting seed: 123
alpha0.45_vx0.2 {"vx": 0.2, "alpha": 0.45, "survived": 13, "mean_vx_after4s_survivors": 0.14612834957929757, "walk_count_speed_above_half_command": 13, "first_failure_time_s": [null, null, null, null, 1.54, null, null, null, null, null, 1.02, 1.02, null, null, null, null], "max_tilt_deg": 90.5243911743164, "max_sent_jump_deg_valid": 91.53556823730469, "max_raw_jump_deg_valid": 137.24229431152344, "max_abs_vy_after4s": 0.31421202421188354}
Setting seed: 123
alpha0.45_vx0.3 {"vx": 0.3, "alpha": 0.45, "survived": 13, "mean_vx_after4s_survivors": 0.19928704889921042, "walk_count_speed_above_half_command": 13, "first_failure_time_s": [null, 2.24, null, null, null, null, null, null, null, null, 1.02, 1.46, null, null, null, null], "max_tilt_deg": 89.10945892333984, "max_sent_jump_deg_valid": 65.66584777832031, "max_raw_jump_deg_valid": 88.29963684082031, "max_abs_vy_after4s": 0.3193286061286926}
