   Building mjlab-microduck @ file:///home/luckysir/microduck/microduck_rl
   Updating https://github.com/Rhoban/bam.git (mjlab_frictionloss)
Downloading triton (162.6MiB)
Downloading torch (858.1MiB)
    Updated https://github.com/Rhoban/bam.git (62bd8ce12154340be97e06f7f41a0ca8f116d967)
   Building better-actuator-models @ git+https://github.com/Rhoban/bam.git@62bd8ce12154340be97e06f7f41a0ca8f116d967
 Downloaded triton
Downloading warp-lang (130.2MiB)
 Downloaded warp-lang
Downloading nvidia-nvshmem-cu12 (118.9MiB)
 Downloaded nvidia-nvshmem-cu12
Downloading scipy (33.7MiB)
 Downloaded scipy
Downloading imageio-ffmpeg (28.1MiB)
 Downloaded imageio-ffmpeg
Downloading wandb (21.8MiB)
 Downloaded wandb
Downloading mujoco (19.9MiB)
 Downloaded mujoco
Downloading onnx (18.2MiB)
 Downloaded onnx
Downloading onnxruntime (16.4MiB)
 Downloaded onnxruntime
Downloading numpy (15.6MiB)
 Downloaded numpy
Downloading mjlab (13.5MiB)
 Downloaded mjlab
Downloading matplotlib (8.4MiB)
 Downloaded matplotlib
Downloading torchvision (7.7MiB)
 Downloaded torchvision
Downloading pillow (6.8MiB)
 Downloaded pillow
Downloading tensorboard-data-server (6.3MiB)
 Downloaded tensorboard-data-server
Downloading grpcio (6.3MiB)
 Downloaded grpcio
Downloading sympy (6.0MiB)
 Downloaded sympy
Downloading zstandard (5.3MiB)
 Downloaded zstandard
Downloading tensorboard (5.3MiB)
 Downloaded tensorboard
Downloading viser (4.8MiB)
 Downloaded viser
Downloading ml-dtypes (4.8MiB)
 Downloaded ml-dtypes
Downloading fonttools (4.8MiB)
 Downloaded fonttools
Downloading jedi (4.7MiB)
 Downloaded jedi
Downloading cryptography (4.3MiB)
 Downloaded cryptography
Downloading hf-xet (4.3MiB)
 Downloaded hf-xet
Downloading pyopengl (3.0MiB)
 Downloaded pyopengl
Downloading pydantic-core (2.0MiB)
 Downloaded pydantic-core
Downloading networkx (2.0MiB)
 Downloaded networkx
Downloading mujoco-warp (1.9MiB)
 Downloaded mujoco-warp
Downloading rustypot (1.8MiB)
 Downloaded rustypot
Downloading kiwisolver (1.4MiB)
 Downloaded kiwisolver
Downloading pynacl (1.3MiB)
 Downloaded pynacl
Downloading pygments (1.2MiB)
 Downloaded pygments
Downloading setuptools (1.1MiB)
 Downloaded setuptools
      Built mjlab-microduck @ file:///home/luckysir/microduck/microduck_rl
      Built better-actuator-models @ git+https://github.com/Rhoban/bam.git@62bd8ce12154340be97e06f7f41a0ca8f116d967
 Downloaded torch
Prepared 128 packages in 4m 56s
Installed 128 packages in 233ms
 + absl-py==2.3.1
 + annotated-doc==0.0.4
 + annotated-types==0.7.0
 + anyio==4.12.1
 + asttokens==3.0.1
 + bcrypt==5.0.0
 + better-actuator-models==1.0.1 (from git+https://github.com/Rhoban/bam.git@62bd8ce12154340be97e06f7f41a0ca8f116d967)
 + certifi==2026.1.4
 + cffi==2.0.0
 + charset-normalizer==3.4.4
 + click==8.3.1
 + cloudpickle==3.1.2
 + colorama==0.4.6
 + contourpy==1.3.3
 + cryptography==46.0.3
 + cycler==0.12.1
 + decorator==5.2.1
 + deprecated==1.3.1
 + docstring-parser==0.17.0
 + etils==1.13.0
 + executing==2.2.1
 + fabric==3.2.2
 + filelock==3.20.3
 + flatbuffers==25.12.19
 + fonttools==4.63.0
 + fsspec==2026.1.0
 + gitdb==4.0.12
 + gitpython==3.1.46
 + glfw==2.10.0
 + grpcio==1.76.0
 + h11==0.16.0
 + hf-xet==1.5.0
 + httpcore==1.0.9
 + httpx==0.28.1
 + huggingface-hub==1.15.0
 + idna==3.11
 + imageio==2.37.2
 + imageio-ffmpeg==0.6.0
 + importlib-metadata==8.7.1
 + importlib-resources==6.5.2
 + invoke==2.2.1
 + ipython==9.15.0
 + ipython-pygments-lexers==1.1.1
 + jedi==0.20.0
 + jinja2==3.1.6
 + kiwisolver==1.5.0
 + markdown==3.10
 + markdown-it-py==4.0.0
 + markupsafe==3.0.3
 + matplotlib==3.10.9
 + matplotlib-inline==0.2.2
 + mdurl==0.1.2
 + mediapy==1.2.6
 + mjlab==1.3.0
 + mjlab-microduck==0.1.0 (from file:///home/luckysir/microduck/microduck_rl)
 + mjviser==0.0.14
 + ml-dtypes==0.5.4
 + mpmath==1.3.0
 + msgspec==0.20.0
 + mujoco==3.10.0
 + mujoco-warp==3.8.1
 + networkx==3.6.1
 + numpy==2.4.1
 + nvidia-nvshmem-cu12==3.3.20
 + onnx==1.22.0
 + onnx-ir==0.1.14
 + onnxruntime==1.24.4
 + onnxscript==0.5.7
 + orjson==3.11.5
 + packaging==25.0
 + paramiko==4.0.0
 + parso==0.8.7
 + pexpect==4.9.0
 + pillow==12.2.0
 + platformdirs==4.5.1
 + prettytable==3.17.0
 + prompt-toolkit==3.0.52
 + protobuf==6.33.6
 + psutil==7.2.2
 + ptyprocess==0.7.0
 + pure-eval==0.2.3
 + pycparser==2.23
 + pydantic==2.12.5
 + pydantic-core==2.41.5
 + pygments==2.19.2
 + pynacl==1.6.2
 + pyopengl==3.1.10
 + pyparsing==3.3.2
 + python-dateutil==2.9.0.post0
 + pyvers==0.1.0
 + pyyaml==6.0.3
 + requests==2.32.5
 + rich==14.2.0
 + rsl-rl-lib==5.0.1
 + rustypot==1.5.0
 + scipy==1.18.0
 + sentry-sdk==2.49.0
 + setuptools==80.9.0
 + shellingham==1.5.4
 + six==1.17.0
 + smmap==5.0.2
 + stack-data==0.6.3
 + sympy==1.14.0
 + tensorboard==2.20.0
 + tensorboard-data-server==0.7.2
 + tensordict==0.10.0
 + torch==2.9.1
 + torchrunx==0.3.4
 + torchvision==0.24.1
 + tqdm==4.67.1
 + traitlets==5.15.1
 + trimesh==4.11.1
 + triton==3.5.1
 + typeguard==4.4.4
 + typer==0.25.1
 + typing-extensions==4.15.0
 + typing-inspection==0.4.2
 + tyro==1.0.5
 + urllib3==2.6.3
 + viser==1.0.30
 + wandb==0.24.0
 + warp-lang==1.12.0
 + wcwidth==0.2.14
 + websockets==15.0.1
 + werkzeug==3.1.5
 + wrapt==2.0.1
 + zipp==3.23.0
 + zstandard==0.25.0
