{
  "time": "2026-09-27T20:12:09.760555+08:00",
  "workspace": "/home/luckysir/microduck",
  "disk_total_gib": 146.1283950805664,
  "disk_free_gib": 6.023120880126953,
  "reserve_gib": 3.0,
  "gpu_name_totalMiB_usedMiB_freeMiB_tempC": "NVIDIA GeForce RTX 4050 Laptop GPU, 6141, 1135, 4615, 46",
  "ok": true
}
Starting flat: /home/luckysir/microduck/runs/20260927_201209_smoke/flat.log
{
  "time": "2026-09-27T20:13:39.864469+08:00",
  "workspace": "/home/luckysir/microduck",
  "disk_total_gib": 146.1283950805664,
  "disk_free_gib": 5.841217041015625,
  "reserve_gib": 3.0,
  "gpu_name_totalMiB_usedMiB_freeMiB_tempC": "NVIDIA GeForce RTX 4050 Laptop GPU, 6141, 1128, 4621, 45",
  "ok": true
}
Starting backlash: /home/luckysir/microduck/runs/20260927_201209_smoke/backlash.log
Completed: /home/luckysir/microduck/runs/20260927_201209_smoke/status.json
