{
  "time": "2026-09-27T20:18:32.795609+08:00",
  "workspace": "/home/luckysir/microduck",
  "disk_total_gib": 146.1283950805664,
  "disk_free_gib": 5.6964111328125,
  "reserve_gib": 3.0,
  "gpu_name_totalMiB_usedMiB_freeMiB_tempC": "NVIDIA GeForce RTX 4050 Laptop GPU, 6141, 1125, 4624, 44",
  "ok": true
}
Starting flat: /home/luckysir/microduck/runs/20260927_201832_train/flat.log
{
  "time": "2026-09-27T22:25:57.410869+08:00",
  "workspace": "/home/luckysir/microduck",
  "disk_total_gib": 146.1283950805664,
  "disk_free_gib": 5.200763702392578,
  "reserve_gib": 3.0,
  "gpu_name_totalMiB_usedMiB_freeMiB_tempC": "NVIDIA GeForce RTX 4050 Laptop GPU, 6141, 957, 4793, 50",
  "ok": true
}
Starting backlash: /home/luckysir/microduck/runs/20260927_201832_train/backlash.log
Completed: /home/luckysir/microduck/runs/20260927_201832_train/status.json
