[mdp] Patches 1-2 active: NaN-safe reward/advantage
[mdp] Patch 4 active: ONNX export filters passive_* joints
[mdp] Patch 5 active: MICRODUCK_WARM_START=1 restarts curricula after checkpoint load
/home/luckysir/microduck/microduck_rl/.venv/lib/python3.12/site-packages/tyro/_parsers.py:353: UserWarning: The field `env.scene.entities.robot.collisions.0.geom-names-expr` is annotated with type `tuple[str, ...]`, but the default value `['.*_collision']` has type `<class 'list'>`. We'll try to handle this gracefully, but it may cause unexpected behavior.
  warnings.warn(message)
/home/luckysir/microduck/microduck_rl/.venv/lib/python3.12/site-packages/tyro/_resolver.py:600: TyroWarning: <class 'list'> does not match any type in Union: [<class 'str'>, <class 'tuple'>, <class 'NoneType'>]
  warnings.warn(
[INFO] Training with: device=cuda:0, seed=42, rank=0
[INFO] Logging experiment in directory: logs/rsl_rl/local_backlash_smoke/2026-09-27_20-13-50_backlash_20260927_201209
Setting seed: 42
Warp 1.12.0 initialized:
   CUDA Toolkit 12.9, Driver 13.0
   Devices:
     "cpu"      : "x86_64"
     "cuda:0"   : "NVIDIA GeForce RTX 4050 Laptop GPU" (6 GiB, sm_89, mempool enabled)
   Kernel cache:
     /home/luckysir/.cache/warp/1.12.0
/home/luckysir/microduck/microduck_rl/.venv/lib/python3.12/site-packages/mjlab/entity/entity.py:149: UserWarning: Actuator config matched 14 joint(s) but the same expressions also match 7 site(s): imu, left_foot, head_camera, tof, head_imu, mouth_tip, right_foot. Add a separate config with transmission_type=TransmissionType.SITE if those should be actuated too.
  self._add_actuators()
Warp DeprecationWarning: The symbol `warp.context.runtime` will soon be removed from the public API. It can still be accessed from `warp._src.context.runtime` but might be changed or removed without notice.
Module mujoco_warp._src.smooth 95a0b8b load on device 'cuda:0' took 2.35 ms  (cached)
Module mujoco_warp._src.collision_driver 88f7770 load on device 'cuda:0' took 0.99 ms  (cached)
Module _nxn_broadphase__locals__kernel_e73b1315 e73b131 load on device 'cuda:0' took 0.36 ms  (cached)
Module ccd_kernel_builder__locals__ccd_kernel_079dfa94 079dfa9 load on device 'cuda:0' took 1.61 ms  (cached)
Module _primitive_narrowphase__locals__primitive_narrowphase_b282a07a b282a07 load on device 'cuda:0' took 0.69 ms  (cached)
Module mujoco_warp._src.constraint 27c5750 load on device 'cuda:0' took 1.58 ms  (cached)
Module _efc_contact_init__locals__kernel_346f6f0c 346f6f0 load on device 'cuda:0' took 434.94 ms  (compiled)
Module _efc_contact_jac_sparse__locals__kernel_86e47ecb 86e47ec load on device 'cuda:0' took 185.91 ms  (compiled)
Module _efc_contact_update__locals__kernel_90315d53 90315d5 load on device 'cuda:0' took 0.41 ms  (cached)
Module mujoco_warp._src.sensor 7fc0378 load on device 'cuda:0' took 1.97 ms  (cached)
Module mujoco_warp._src.forward f60f76d load on device 'cuda:0' took 1.11 ms  (cached)
Module mujoco_warp._src.passive 1a5e55c load on device 'cuda:0' took 0.74 ms  (cached)
Module mujoco_warp._src.forward 8ebfcb1 load on device 'cuda:0' took 1.12 ms  (cached)
Module mujoco_warp._src.support dd3f924 load on device 'cuda:0' took 0.40 ms  (cached)
Module _solve_LD_sparse_fused__locals__kernel_55de0719 54f7c1b load on device 'cuda:0' took 1242.88 ms  (compiled)
Module mujoco_warp._src.solver b116efb load on device 'cuda:0' took 1.29 ms  (cached)
Module solve_init_jaref__locals__kernel_63515ecb 63515ec load on device 'cuda:0' took 123.53 ms  (compiled)
Module mul_m_sparse__locals___mul_m_sparse_0e88d329 0e88d32 load on device 'cuda:0' took 120.40 ms  (compiled)
Module update_constraint_efc__locals__kernel_32935e9d 32935e9 load on device 'cuda:0' took 0.46 ms  (cached)
Module update_constraint_gauss_cost__locals__kernel_66f8146b 66f8146 load on device 'cuda:0' took 143.87 ms  (compiled)
Module update_gradient_cholesky_blocked__locals__kernel_3f89bed4 cfaeb41 load on device 'cuda:0' took 22547.82 ms  (compiled)
Module linesearch_jv_fused__locals__kernel_7b416447 7b41644 load on device 'cuda:0' took 122.82 ms  (compiled)
Module linesearch_prepare_gauss__locals__kernel_f5448712 f544871 load on device 'cuda:0' took 143.51 ms  (compiled)
Module update_constraint_efc__locals__kernel_3c1a9816 3c1a981 load on device 'cuda:0' took 0.45 ms  (cached)
Module update_gradient_cholesky_blocked_skip_unchanged__locals__kernel_b35f4e9a 59f6439 load on device 'cuda:0' took 6608.58 ms  (compiled)
Module _contact_sort__locals__contact_sort_304c86df 6c97b35 load on device 'cuda:0' took 0.87 ms  (cached)
Module mujoco_warp._src.derivative d0e2fd7 load on device 'cuda:0' took 0.79 ms  (cached)
Module reset_data__locals__reset_xfrc_applied_e7898c5c e7898c5 load on device 'cuda:0' took 0.36 ms  (cached)
Module reset_data__locals__reset_qM_10d3c793 10d3c79 load on device 'cuda:0' took 0.31 ms  (cached)
Module reset_data__locals__reset_mocap_ff71f630 ff71f63 load on device 'cuda:0' took 0.32 ms  (cached)
Module reset_data__locals__reset_contact_df686d47 df686d4 load on device 'cuda:0' took 0.34 ms  (cached)
Module reset_data__locals__reset_nworld_6e0d904e 6e0d904 load on device 'cuda:0' took 0.35 ms  (cached)
[BamActuator] model='m6' joints=14 kt=0.3660 R=2.8114 vin=range=(6.5, 8.2) drop_gain_range=(0.0, 0.2) force_limit=±1.07Nm friction_base=0.0048 friction_viscous=0.0054 envs=64 device=cuda:0
[BacklashEncoderBamActuator] encoder-through-backlash feedback on 14/14 joints
Module mujoco_warp._src.render_util 94fd13e load on device 'cuda:0' took 0.51 ms  (cached)
Module mujoco_warp._src.bvh 08f985a load on device 'cuda:0' took 0.77 ms  (cached)
Module mujoco_warp._src.ray c8f2bb3 load on device 'cuda:0' took 0.93 ms  (cached)

+---------------------------------+
|         Base Environment        |
+------------------------+--------+
| Property               | Value  |
+------------------------+--------+
| Number of environments | 64     |
| Environment device     | cuda:0 |
| Environment seed       | 42     |
| Physics step-size      | 0.005  |
| Environment step-size  | 0.02   |
+------------------------+--------+

[INFO] <EventManager> contains 3 active terms.
+-------------------------------------+
| Active Event Terms in Mode: 'reset' |
+-------+-----------------------------+
| Index | Name                        |
+-------+-----------------------------+
|   0   | reset_base                  |
|   1   | reset_robot_joints          |
|   2   | reset_action_history        |
|   3   | randomize_com               |
|   4   | randomize_head_com          |
|   5   | randomize_joint_friction    |
|   6   | randomize_armature          |
+-------+-----------------------------+
+----------------------------------------------+
|    Active Event Terms in Mode: 'interval'    |
+-------+------------+-------------------------+
| Index | Name       | Interval time range (s) |
+-------+------------+-------------------------+
|   0   | push_robot |        (3.0, 6.0)       |
+-------+------------+-------------------------+
+---------------------------------------+
| Active Event Terms in Mode: 'startup' |
+-------+-------------------------------+
| Index | Name                          |
+-------+-------------------------------+
|   0   | foot_friction                 |
|   1   | encoder_bias                  |
|   2   | base_com                      |
|   3   | expand_bam_friction_fields    |
|   4   | randomize_mass_inertia        |
+-------+-------------------------------+
+-----------------------------+
| Domain Randomization Fields |
+-------+---------------------+
| Index | Field Name          |
+-------+---------------------+
|   0   | geom_friction       |
|   1   | body_ipos           |
|   2   | body_subtreemass    |
|   3   | dof_invweight0      |
|   4   | body_invweight0     |
|   5   | tendon_length0      |
|   6   | tendon_invweight0   |
|   7   | dof_frictionloss    |
|   8   | dof_damping         |
|   9   | body_mass           |
|   10  | body_inertia        |
|   11  | body_iquat          |
|   12  | dof_armature        |
+-------+---------------------+

Module repeat_array_kernel_39317a34 b712927 load on device 'cuda:0' took 0.38 ms  (cached)
Module repeat_array_kernel_39317a34 18fcc7e load on device 'cuda:0' took 0.34 ms  (cached)
Module repeat_array_kernel_39317a34 5cde7e8 load on device 'cuda:0' took 0.36 ms  (cached)
Module repeat_array_kernel_39317a34 0fe3117 load on device 'cuda:0' took 0.39 ms  (cached)
[INFO] <CommandManager> contains 3 active terms.
+------------------------------------------------+
|              Active Command Terms              |
+-------+-----------+----------------------------+
| Index | Name      |            Type            |
+-------+-----------+----------------------------+
|   0   | twist     | VelocityCommandCommandOnly |
|   1   | head_pose |     UniformPoseCommand     |
|   2   | body_pose |     UniformPoseCommand     |
+-------+-----------+----------------------------+

[INFO] <ActionManager> contains 1 active terms.
+---------------------------------+
| Active Action Terms (shape: 14) |
+-------+-----------+-------------+
| Index | Name      |   Dimension |
+-------+-----------+-------------+
|   0   | joint_pos |          14 |
+-------+-----------+-------------+

[INFO] <ObservationManager> contains 2 groups.
+-----------------------------------------------------------+
| Active Observation Terms in Group: 'actor' (shape: (61,)) |
+-----------+----------------------------------+------------+
|   Index   | Name                             |   Shape    |
+-----------+----------------------------------+------------+
|     0     | base_ang_vel                     |    (3,)    |
|     1     | projected_gravity                |    (3,)    |
|     2     | joint_pos                        |   (14,)    |
|     3     | joint_vel                        |   (14,)    |
|     4     | actions                          |   (14,)    |
|     5     | command                          |    (3,)    |
|     6     | head_command                     |    (4,)    |
|     7     | body_command                     |    (6,)    |
+-----------+----------------------------------+------------+
+------------------------------------------------------------+
| Active Observation Terms in Group: 'critic' (shape: (76,)) |
+----------+------------------------------------+------------+
|  Index   | Name                               |   Shape    |
+----------+------------------------------------+------------+
|    0     | base_lin_vel                       |    (3,)    |
|    1     | base_ang_vel                       |    (3,)    |
|    2     | projected_gravity                  |    (3,)    |
|    3     | joint_pos                          |   (14,)    |
|    4     | joint_vel                          |   (14,)    |
|    5     | actions                            |   (14,)    |
|    6     | command                            |    (3,)    |
|    7     | foot_height                        |    (2,)    |
|    8     | foot_air_time                      |    (2,)    |
|    9     | foot_contact                       |    (2,)    |
|    10    | foot_contact_forces                |    (6,)    |
|    11    | head_command                       |    (4,)    |
|    12    | body_command                       |    (6,)    |
+----------+------------------------------------+------------+

[INFO] <TerminationManager> contains 4 active terms.
+------------------------------------------+
|         Active Termination Terms         |
+-------+-----------------------+----------+
| Index | Name                  | Time Out |
+-------+-----------------------+----------+
|   0   | time_out              |   True   |
|   1   | fell_over             |  False   |
|   2   | out_of_terrain_bounds |   True   |
|   3   | nan_state             |  False   |
+-------+-----------------------+----------+

[INFO] <RewardManager> contains 16 active terms.
+-----------------------------------------+
|           Active Reward Terms           |
+-------+------------------------+--------+
| Index | Name                   | Weight |
+-------+------------------------+--------+
|   0   | track_linear_velocity  |    2.0 |
|   1   | track_angular_velocity |    2.0 |
|   2   | upright                |    2.0 |
|   3   | pose                   |    1.0 |
|   4   | body_ang_vel           |  -0.05 |
|   5   | angular_momentum       |  -0.02 |
|   6   | dof_pos_limits         |   -1.0 |
|   7   | action_rate_l2         |   -0.1 |
|   8   | air_time               |    3.0 |
|   9   | foot_clearance         |   -2.0 |
|   10  | foot_swing_height      |  -0.25 |
|   11  | foot_slip              |   -0.1 |
|   12  | self_collisions        |   -1.0 |
|   13  | head_pose_tracking     |    2.0 |
|   14  | body_pose_tracking     |    0.0 |
|   15  | head_pose_bias         |    0.0 |
+-------+------------------------+--------+

[INFO] <CurriculumManager> contains 7 active terms.
+-------------------------------+
|    Active Curriculum Terms    |
+-------+-----------------------+
| Index | Name                  |
+-------+-----------------------+
|   0   | action_rate_weight    |
|   1   | standing_envs         |
|   2   | head_pose_range       |
|   3   | body_pose_range       |
|   4   | com_range             |
|   5   | head_com_range        |
|   6   | head_pose_bias_weight |
+-------+-----------------------+

[INFO] <MetricsManager> contains 1 active terms.
+-------------------------+
|   Active Metrics Terms  |
+-------+-----------------+
| Index | Name            |
+-------+-----------------+
|   0   | mean_action_acc |
+-------+-----------------+

[INFO] <NullRecorderManager> (inactive)
Module mujoco_warp._src.io 4b387a0 load on device 'cuda:0' took 1.19 ms  (cached)
--------------------------------------------------------------------------------
Resolved observation sets: 
	 actor :  ('actor',)
	 critic :  ('critic',)
--------------------------------------------------------------------------------
Actor Model: MLPModel(
  (obs_normalizer): EmpiricalNormalization()
  (distribution): GaussianDistribution()
  (mlp): MLP(
    (0): Linear(in_features=61, out_features=512, bias=True)
    (1): ELU(alpha=1.0)
    (2): Linear(in_features=512, out_features=256, bias=True)
    (3): ELU(alpha=1.0)
    (4): Linear(in_features=256, out_features=128, bias=True)
    (5): ELU(alpha=1.0)
    (6): Linear(in_features=128, out_features=14, bias=True)
  )
)
Critic Model: MLPModel(
  (obs_normalizer): EmpiricalNormalization()
  (mlp): MLP(
    (0): Linear(in_features=76, out_features=512, bias=True)
    (1): ELU(alpha=1.0)
    (2): Linear(in_features=512, out_features=256, bias=True)
    (3): ELU(alpha=1.0)
    (4): Linear(in_features=256, out_features=128, bias=True)
    (5): ELU(alpha=1.0)
    (6): Linear(in_features=128, out_features=1, bias=True)
  )
)
Storing git diff for 'microduck_rl' in: logs/rsl_rl/local_backlash_smoke/2026-09-27_20-13-50_backlash_20260927_201209/git/microduck_rl.diff
################################################################################
[1m                             Learning iteration 0/5                             [0m 

                               Run name: backlash_20260927_201209
                            Total steps: 1536 
                       Steps per second: 1103 
                        Collection time: 1.289s 
                          Learning time: 0.104s 
                        Mean value loss: 0.0345
                    Mean surrogate loss: -0.0268
                      Mean entropy loss: 19.8621
                            Mean reward: 0.27
                    Mean episode length: 18.80
                        Mean action std: 1.00
   Episode_Reward/track_linear_velocity: 0.0064
  Episode_Reward/track_angular_velocity: 0.0016
                 Episode_Reward/upright: 0.0123
                    Episode_Reward/pose: 0.0040
            Episode_Reward/body_ang_vel: -0.0020
        Episode_Reward/angular_momentum: -0.0000
          Episode_Reward/dof_pos_limits: -0.0001
          Episode_Reward/action_rate_l2: -0.0274
                Episode_Reward/air_time: 0.0001
          Episode_Reward/foot_clearance: -0.0001
       Episode_Reward/foot_swing_height: -0.0005
               Episode_Reward/foot_slip: -0.0000
         Episode_Reward/self_collisions: 0.0000
      Episode_Reward/head_pose_tracking: 0.0156
      Episode_Reward/body_pose_tracking: 0.0000
          Episode_Reward/head_pose_bias: 0.0000
        Episode_Metrics/mean_action_acc: 1.4083
          Curriculum/action_rate_weight: -0.1000
               Curriculum/standing_envs: 0.0200
             Curriculum/head_pose_range: 0.0700
             Curriculum/body_pose_range: 0.0500
                   Curriculum/com_range: 0.0030
              Curriculum/head_com_range: 0.0030
       Curriculum/head_pose_bias_weight: 0.0000
             Metrics/twist/error_vel_xy: 0.0072
            Metrics/twist/error_vel_yaw: 0.0437
           Episode_Termination/time_out: 0.6667
          Episode_Termination/fell_over: 0.0833
Episode_Termination/out_of_terrain_bounds: 0.0000
          Episode_Termination/nan_state: 0.0000
          Metrics/angular_momentum_mean: 0.0088
                  Metrics/air_time_mean: 0.0487
               Metrics/peak_height_mean: 0.0033
             Metrics/slip_velocity_mean: 0.0766
--------------------------------------------------------------------------------
                         Iteration time: 1.39s
                           Time elapsed: 00:00:01
                                    ETA: 00:00:05

################################################################################
[1m                             Learning iteration 1/5                             [0m 

                               Run name: backlash_20260927_201209
                            Total steps: 3072 
                       Steps per second: 1249 
                        Collection time: 1.158s 
                          Learning time: 0.072s 
                        Mean value loss: 0.0562
                    Mean surrogate loss: -0.0412
                      Mean entropy loss: 19.8589
                            Mean reward: 0.13
                    Mean episode length: 31.17
                        Mean action std: 1.00
   Episode_Reward/track_linear_velocity: 0.0275
  Episode_Reward/track_angular_velocity: 0.0021
                 Episode_Reward/upright: 0.0256
                    Episode_Reward/pose: 0.0070
            Episode_Reward/body_ang_vel: -0.0231
        Episode_Reward/angular_momentum: -0.0000
          Episode_Reward/dof_pos_limits: -0.0005
          Episode_Reward/action_rate_l2: -0.0887
                Episode_Reward/air_time: 0.0081
          Episode_Reward/foot_clearance: -0.0003
       Episode_Reward/foot_swing_height: -0.0018
               Episode_Reward/foot_slip: -0.0001
         Episode_Reward/self_collisions: -0.0002
      Episode_Reward/head_pose_tracking: 0.0537
      Episode_Reward/body_pose_tracking: 0.0000
          Episode_Reward/head_pose_bias: 0.0000
        Episode_Metrics/mean_action_acc: 1.8870
          Curriculum/action_rate_weight: -0.1000
               Curriculum/standing_envs: 0.0200
             Curriculum/head_pose_range: 0.0700
             Curriculum/body_pose_range: 0.0500
                   Curriculum/com_range: 0.0030
              Curriculum/head_com_range: 0.0030
       Curriculum/head_pose_bias_weight: 0.0000
             Metrics/twist/error_vel_xy: 0.0249
            Metrics/twist/error_vel_yaw: 0.1619
           Episode_Termination/time_out: 0.0417
          Episode_Termination/fell_over: 2.7083
Episode_Termination/out_of_terrain_bounds: 0.0000
          Episode_Termination/nan_state: 0.0000
          Metrics/angular_momentum_mean: 0.0119
                  Metrics/air_time_mean: 0.0510
               Metrics/peak_height_mean: 0.0105
             Metrics/slip_velocity_mean: 0.0906
--------------------------------------------------------------------------------
                         Iteration time: 1.23s
                           Time elapsed: 00:00:02
                                    ETA: 00:00:03

################################################################################
[1m                             Learning iteration 2/5                             [0m 

                               Run name: backlash_20260927_201209
                            Total steps: 4608 
                       Steps per second: 1512 
                        Collection time: 0.947s 
                          Learning time: 0.069s 
                        Mean value loss: 0.0569
                    Mean surrogate loss: -0.0451
                      Mean entropy loss: 19.8539
                            Mean reward: 0.05
                    Mean episode length: 34.29
                        Mean action std: 1.00
   Episode_Reward/track_linear_velocity: 0.0223
  Episode_Reward/track_angular_velocity: 0.0022
                 Episode_Reward/upright: 0.0257
                    Episode_Reward/pose: 0.0075
            Episode_Reward/body_ang_vel: -0.0260
        Episode_Reward/angular_momentum: -0.0000
          Episode_Reward/dof_pos_limits: -0.0007
          Episode_Reward/action_rate_l2: -0.0999
                Episode_Reward/air_time: 0.0081
          Episode_Reward/foot_clearance: -0.0003
       Episode_Reward/foot_swing_height: -0.0015
               Episode_Reward/foot_slip: -0.0001
         Episode_Reward/self_collisions: -0.0004
      Episode_Reward/head_pose_tracking: 0.0582
      Episode_Reward/body_pose_tracking: 0.0000
          Episode_Reward/head_pose_bias: 0.0000
        Episode_Metrics/mean_action_acc: 1.9255
          Curriculum/action_rate_weight: -0.1000
               Curriculum/standing_envs: 0.0200
             Curriculum/head_pose_range: 0.0700
             Curriculum/body_pose_range: 0.0500
                   Curriculum/com_range: 0.0030
              Curriculum/head_com_range: 0.0030
       Curriculum/head_pose_bias_weight: 0.0000
             Metrics/twist/error_vel_xy: 0.0341
            Metrics/twist/error_vel_yaw: 0.1820
           Episode_Termination/time_out: 0.0000
          Episode_Termination/fell_over: 2.1667
Episode_Termination/out_of_terrain_bounds: 0.0000
          Episode_Termination/nan_state: 0.0000
          Metrics/angular_momentum_mean: 0.0115
                  Metrics/air_time_mean: 0.0560
               Metrics/peak_height_mean: 0.0105
             Metrics/slip_velocity_mean: 0.0922
--------------------------------------------------------------------------------
                         Iteration time: 1.02s
                           Time elapsed: 00:00:03
                                    ETA: 00:00:02

################################################################################
[1m                             Learning iteration 3/5                             [0m 

                               Run name: backlash_20260927_201209
                            Total steps: 6144 
                       Steps per second: 1586 
                        Collection time: 0.900s 
                          Learning time: 0.068s 
                        Mean value loss: 0.0565
                    Mean surrogate loss: -0.0430
                      Mean entropy loss: 19.8443
                            Mean reward: 0.05
                    Mean episode length: 35.42
                        Mean action std: 1.00
   Episode_Reward/track_linear_velocity: 0.0244
  Episode_Reward/track_angular_velocity: 0.0022
                 Episode_Reward/upright: 0.0281
                    Episode_Reward/pose: 0.0074
            Episode_Reward/body_ang_vel: -0.0241
        Episode_Reward/angular_momentum: -0.0000
          Episode_Reward/dof_pos_limits: -0.0005
          Episode_Reward/action_rate_l2: -0.0936
                Episode_Reward/air_time: 0.0085
          Episode_Reward/foot_clearance: -0.0003
       Episode_Reward/foot_swing_height: -0.0016
               Episode_Reward/foot_slip: -0.0001
         Episode_Reward/self_collisions: -0.0004
      Episode_Reward/head_pose_tracking: 0.0552
      Episode_Reward/body_pose_tracking: 0.0000
          Episode_Reward/head_pose_bias: 0.0000
        Episode_Metrics/mean_action_acc: 1.9131
          Curriculum/action_rate_weight: -0.1000
               Curriculum/standing_envs: 0.0200
             Curriculum/head_pose_range: 0.0700
             Curriculum/body_pose_range: 0.0500
                   Curriculum/com_range: 0.0030
              Curriculum/head_com_range: 0.0030
       Curriculum/head_pose_bias_weight: 0.0000
             Metrics/twist/error_vel_xy: 0.0301
            Metrics/twist/error_vel_yaw: 0.1650
           Episode_Termination/time_out: 0.0000
          Episode_Termination/fell_over: 2.2500
Episode_Termination/out_of_terrain_bounds: 0.0000
          Episode_Termination/nan_state: 0.0000
          Metrics/angular_momentum_mean: 0.0120
                  Metrics/air_time_mean: 0.0581
               Metrics/peak_height_mean: 0.0079
             Metrics/slip_velocity_mean: 0.0923
--------------------------------------------------------------------------------
                         Iteration time: 0.97s
                           Time elapsed: 00:00:04
                                    ETA: 00:00:01

################################################################################
[1m                             Learning iteration 4/5                             [0m 

                               Run name: backlash_20260927_201209
                            Total steps: 7680 
                       Steps per second: 1588 
                        Collection time: 0.896s 
                          Learning time: 0.071s 
                        Mean value loss: 0.0450
                    Mean surrogate loss: -0.0445
                      Mean entropy loss: 19.8299
                            Mean reward: 0.08
                    Mean episode length: 34.56
                        Mean action std: 1.00
   Episode_Reward/track_linear_velocity: 0.0264
  Episode_Reward/track_angular_velocity: 0.0020
                 Episode_Reward/upright: 0.0263
                    Episode_Reward/pose: 0.0074
            Episode_Reward/body_ang_vel: -0.0237
        Episode_Reward/angular_momentum: -0.0000
          Episode_Reward/dof_pos_limits: -0.0006
          Episode_Reward/action_rate_l2: -0.0953
                Episode_Reward/air_time: 0.0100
          Episode_Reward/foot_clearance: -0.0003
       Episode_Reward/foot_swing_height: -0.0021
               Episode_Reward/foot_slip: -0.0001
         Episode_Reward/self_collisions: -0.0008
      Episode_Reward/head_pose_tracking: 0.0553
      Episode_Reward/body_pose_tracking: 0.0000
          Episode_Reward/head_pose_bias: 0.0000
        Episode_Metrics/mean_action_acc: 1.8977
          Curriculum/action_rate_weight: -0.1000
               Curriculum/standing_envs: 0.0200
             Curriculum/head_pose_range: 0.0700
             Curriculum/body_pose_range: 0.0500
                   Curriculum/com_range: 0.0030
              Curriculum/head_com_range: 0.0030
       Curriculum/head_pose_bias_weight: 0.0000
             Metrics/twist/error_vel_xy: 0.0284
            Metrics/twist/error_vel_yaw: 0.1716
           Episode_Termination/time_out: 0.0000
          Episode_Termination/fell_over: 2.2917
Episode_Termination/out_of_terrain_bounds: 0.0000
          Episode_Termination/nan_state: 0.0000
          Metrics/angular_momentum_mean: 0.0120
                  Metrics/air_time_mean: 0.0666
               Metrics/peak_height_mean: 0.0104
             Metrics/slip_velocity_mean: 0.0967
--------------------------------------------------------------------------------
                         Iteration time: 0.97s
                           Time elapsed: 00:00:05
                                    ETA: 00:00:00

