{
  "time": "2026-09-28T01:35:02.050051+08:00",
  "workspace": "/home/luckysir/microduck",
  "disk_total_gib": 146.1283950805664,
  "disk_free_gib": 4.991912841796875,
  "reserve_gib": 3.0,
  "gpu_name_totalMiB_usedMiB_freeMiB_tempC": "NVIDIA GeForce RTX 4050 Laptop GPU, 6141, 893, 4856, 48",
  "ok": true
}
Starting flat: /home/luckysir/microduck/runs/20260928_001943_hd1910_benchmark/flat.log
{
  "time": "2026-09-28T01:35:37.775528+08:00",
  "workspace": "/home/luckysir/microduck",
  "disk_total_gib": 146.1283950805664,
  "disk_free_gib": 4.991390228271484,
  "reserve_gib": 3.0,
  "gpu_name_totalMiB_usedMiB_freeMiB_tempC": "NVIDIA GeForce RTX 4050 Laptop GPU, 6141, 893, 4856, 49",
  "ok": true
}
Starting backlash: /home/luckysir/microduck/runs/20260928_001943_hd1910_benchmark/backlash.log
Completed: /home/luckysir/microduck/runs/20260928_001943_hd1910_benchmark/status.json
